
> web@1.2.0 test
> vitest run --coverage --passWithNoTests


[1m[46m RUN [49m[22m [36mv4.0.18 [39m[90m/Users/anchildress1/git_personal/system-notes/apps/web[39m
      [2mCoverage enabled with [22m[33mv8[39m

 [32m✓[39m src/components/ProjectCard/ProjectCard.test.tsx [2m([22m[2m5 tests[22m[2m)[22m[32m 39[2mms[22m[39m
 [32m✓[39m src/components/ClientShell/ClientShell.test.tsx [2m([22m[2m1 test[22m[2m)[22m[32m 32[2mms[22m[39m
 [32m✓[39m src/components/MusicPlayer/MusicPlayer.test.tsx [2m([22m[2m4 tests[22m[2m)[22m[32m 108[2mms[22m[39m
 [32m✓[39m src/components/Hero/Hero.test.tsx [2m([22m[2m7 tests[22m[2m)[22m[32m 155[2mms[22m[39m
 [32m✓[39m src/components/Footer/Footer.test.tsx [2m([22m[2m4 tests[22m[2m)[22m[32m 167[2mms[22m[39m
 [32m✓[39m src/components/ProjectModal/ProjectModal.test.tsx [2m([22m[2m3 tests[22m[2m)[22m[32m 99[2mms[22m[39m
 [32m✓[39m src/components/SearchPage/SearchPage.test.tsx [2m([22m[2m8 tests[22m[2m)[22m[32m 293[2mms[22m[39m
 [32m✓[39m src/components/Header/Header.test.tsx [2m([22m[2m6 tests[22m[2m)[22m[32m 213[2mms[22m[39m
 [32m✓[39m src/components/ExpandedView/ExpandedView.test.tsx [2m([22m[2m6 tests[22m[2m)[22m[32m 211[2mms[22m[39m
 [32m✓[39m src/components/AIChat/AIChat.test.tsx [2m([22m[2m1 test[22m[2m)[22m[32m 29[2mms[22m[39m
 [32m✓[39m src/components/FactCard/FactCard.test.tsx [2m([22m[2m15 tests[22m[2m)[22m[33m 384[2mms[22m[39m
 [32m✓[39m src/components/ProjectGrid/ProjectGrid.test.tsx [2m([22m[2m3 tests[22m[2m)[22m[33m 358[2mms[22m[39m
 [32m✓[39m src/components/BackgroundMusic/BackgroundMusic.test.tsx [2m([22m[2m1 test[22m[2m)[22m[32m 8[2mms[22m[39m
[90mstderr[2m | src/lib/api.test.ts[2m > [22m[2mgetSystemDoc[2m > [22m[2mshould return error object on network failure
[22m[39m[SystemDoc] Network/API Error: Error: Network error
    at [90m/Users/anchildress1/git_personal/system-notes/apps/web/[39msrc/lib/api.test.ts:52:26
    at file:///Users/anchildress1/git_personal/system-notes/node_modules/[4m@vitest/runner[24m/dist/index.js:145:11
    at file:///Users/anchildress1/git_personal/system-notes/node_modules/[4m@vitest/runner[24m/dist/index.js:915:26
    at file:///Users/anchildress1/git_personal/system-notes/node_modules/[4m@vitest/runner[24m/dist/index.js:1243:20
    at new Promise (<anonymous>)
    at runWithTimeout (file:///Users/anchildress1/git_personal/system-notes/node_modules/[4m@vitest/runner[24m/dist/index.js:1209:10)
    at file:///Users/anchildress1/git_personal/system-notes/node_modules/[4m@vitest/runner[24m/dist/index.js:1653:37
    at Traces.$ (file:///Users/anchildress1/git_personal/system-notes/node_modules/[4mvitest[24m/dist/chunks/traces.CCmnQaNT.js:142:27)
    at trace (file:///Users/anchildress1/git_personal/system-notes/node_modules/[4mvitest[24m/dist/chunks/test.B8ej_ZHS.js:239:21)
    at runTest (file:///Users/anchildress1/git_personal/system-notes/node_modules/[4m@vitest/runner[24m/dist/index.js:1653:12)

 [32m✓[39m src/lib/api.test.ts [2m([22m[2m6 tests[22m[2m)[22m[32m 6[2mms[22m[39m
 [32m✓[39m src/components/GlitterBomb/GlitterBomb.test.ts [2m([22m[2m1 test[22m[2m)[22m[32m 1[2mms[22m[39m
 [32m✓[39m src/components/GlitterBomb/GlitterBomb.test.tsx [2m([22m[2m1 test[22m[2m)[22m[33m 3019[2mms[22m[39m
     [33m[2m✓[22m[39m renders and initializes pixi app [33m 3018[2mms[22m[39m

[2m Test Files [22m [1m[32m16 passed[39m[22m[90m (16)[39m
[2m      Tests [22m [1m[32m72 passed[39m[22m[90m (72)[39m
[2m   Start at [22m 19:00:44
[2m   Duration [22m 3.94s[2m (transform 918ms, setup 1.88s, import 1.79s, tests 5.12s, environment 7.16s)[22m

[34m % [39m[2mCoverage report from [22m[33mv8[39m
-------------------|---------|----------|---------|---------|-------------------
File               | % Stmts | % Branch | % Funcs | % Lines | Uncovered Line #s 
-------------------|---------|----------|---------|---------|-------------------
All files          |   91.71 |    80.68 |      88 |   93.19 |                   
 src               |     100 |      100 |     100 |     100 |                   
  config.ts        |     100 |      100 |     100 |     100 |                   
 ...ackgroundMusic |     100 |      100 |     100 |     100 |                   
  ...oundMusic.tsx |     100 |      100 |     100 |     100 |                   
 ...ts/ClientShell |     100 |      100 |     100 |     100 |                   
  ClientShell.tsx  |     100 |      100 |     100 |     100 |                   
 ...s/ExpandedView |     100 |    85.18 |     100 |     100 |                   
  ExpandedView.tsx |     100 |    85.18 |     100 |     100 | 19,30,35-90       
 ...nents/FactCard |   94.73 |     93.1 |    87.5 |   94.44 |                   
  FactCard.tsx     |   94.73 |     93.1 |    87.5 |   94.44 | 157               
 ...ponents/Footer |     100 |      100 |     100 |     100 |                   
  Footer.tsx       |     100 |      100 |     100 |     100 |                   
 ...ponents/Header |     100 |      100 |     100 |     100 |                   
  Header.tsx       |     100 |      100 |     100 |     100 |                   
 ...omponents/Hero |     100 |      100 |     100 |     100 |                   
  Hero.tsx         |     100 |      100 |     100 |     100 |                   
 ...ts/MusicPlayer |   93.75 |       90 |     100 |     100 |                   
  MusicPlayer.tsx  |   93.75 |       90 |     100 |     100 | 12                
 ...nents/PostCard |       0 |        0 |       0 |       0 |                   
  PostCard.tsx     |       0 |        0 |       0 |       0 | 27-54             
 ...ts/ProjectCard |     100 |     92.3 |     100 |     100 |                   
  ProjectCard.tsx  |     100 |     92.3 |     100 |     100 | 64                
 ...ts/ProjectGrid |   96.87 |    83.33 |     100 |     100 |                   
  ProjectGrid.tsx  |   96.87 |    83.33 |     100 |     100 | 20,37             
 ...nts/SearchPage |   64.28 |    70.58 |   33.33 |   64.28 |                   
  SearchPage.tsx   |      90 |      100 |      50 |      90 | 87                
  ...edHitCard.tsx |       0 |        0 |       0 |       0 | 22-28             
 src/data          |     100 |      100 |     100 |     100 |                   
  projects.ts      |     100 |      100 |     100 |     100 |                   
 src/lib           |   94.44 |       80 |   66.66 |     100 |                   
  api.ts           |   94.44 |       80 |   66.66 |     100 | 42-52             
-------------------|---------|----------|---------|---------|-------------------
